Student Иванов С. В. from group 22129, ММФ
Student Петрова И. К. from group 19301, ФФ
Student Зуброва Д. А. from group 8126, ММФ
Student Иванова В. В. from group 22129, ММФ
Student Кузнецов И. П. from group 8126, ММФ