Student Иванов С. В. from group 22129, ММФ
Student Иванова В. В. from group 22129, ММФ