Teacher Власов Г. В. on course Ан.геом. Works with 2 groups and 2 students.
Student Ударников В. П. from group 17121, ММФ. Also teaches Программирование-2 in 1 groups and mentors 0 students.