Student Ударников В. П. from group 17121, ММФ. Also teaches Программирование-2 in 1 groups and mentors 0 students.