Student Иванов С. В. from group 22129, ММФ
Student Зуброва Д. А. from group 8126, ММФ