Student Иванов С. В. from group 22129, ММФ
Student Петрова И. К. from group 19301, ФФ
Student Медведев Т. С. from group 19402, ФЕН
Student Зуброва Д. А. from group 8126, ММФ
Student Иванова В. В. from group 22129, ММФ
Student Кузнецов И. П. from group 8126, ММФ
Teacher Кузнецова Л. И. on course Программирование. Works with 2 groups and 3 students.
Teacher Кузнецов И. П. on course Программирование. Works with 2 groups and 0 students.