Student Иванов А. С. from group 22129, ММФ. Also teaches Ан.геом in 1 groups and mentors 2 students.
Student Петров А. С. from group 22129, ММФ. Also teaches Матан in 1 groups and mentors 2 students.
Student Сидорова А. С. from group 22129, ММФ. Also teaches Алгебра in 1 groups and mentors 2 students.