Student Петрова И. К. from group 19301, ФФ
Teacher Кузнецов И. П. on course Программирование. Works with 2 groups and 0 students.