Student Иванов С. В. from group 22129, ММФ
Student Иванова В. В. from group 22129, ММФ
Student Иванов А. С. from group 22129, ММФ
Student Петров А. С. from group 22129, ММФ
Student Сидорова А. С. from group 22129, ММФ