Student Иванов С. В. from group 22129, ММФ
Student Петрова И. К. from group 19301, ФФ
Student Медведев Т. С. from group 19402, ФЕН
Student Зуброва Д. А. from group 8126, ММФ
Teacher Власов Г. В. on course Ан.геом. Works with 2 groups and 2 students.
Student Иванова В. В. from group 22129, ММФ
Student Ударников В. П. from group 17121, ММФ. Also teaches Программирование-2 in 1 groups and mentors 0 students.
Teacher Кузнецова Л. И. on course Программирование. Works with 2 groups and 3 students.