Student Иванов С. В. from group 22129, ММФ
Student Петрова И. К. from group 19301, ФФ
Student Иванова В. В. from group 22129, ММФ